// Jest Snapshot v1, https://goo.gl/fbAQLP

exports[`Render Checkout Modal 1`] = `
<div>
  <h1>
    Check this booking out?
  </h1>
  <button>
    Yes
  </button>
  <button
    onClick={[Function]}
  >
    No
  </button>
</div>
`;
