// Jest Snapshot v1, https://goo.gl/fbAQLP

exports[`Render 'Remove Room' Modal 1`] = `
<div>
  <h1>
    Remove Room
  </h1>
  <button
    onClick={[Function]}
  >
    Cancel
  </button>
  <button>
    Remove
  </button>
</div>
`;
