// Jest Snapshot v1, https://goo.gl/fbAQLP

exports[`Render default Checkout screen 1`] = `
<h1>
  Checkout
</h1>
`;
