// Jest Snapshot v1, https://goo.gl/fbAQLP

exports[`Render default Notes screen 1`] = `
<h1>
  Notes
</h1>
`;
