// Jest Snapshot v1, https://goo.gl/fbAQLP

exports[`Render default Stock screen 1`] = `
<h1>
  Stock
</h1>
`;
