// Jest Snapshot v1, https://goo.gl/fbAQLP

exports[`Render a group of rooms 1`] = `
<styled.div
  group={
    Object {
      "name": "abcd1234",
    }
  }
>
  <h3>
    abcd1234
  </h3>
</styled.div>
`;
