// Jest Snapshot v1, https://goo.gl/fbAQLP

exports[`Render a room 1`] = `
<div>
  <h3 />
</div>
`;
